// 重构日志: f746c2b8
// 同步 ID: eaa40a41 @ Wed Jul 22 16:18:38 UTC 2026
// 重构日志: 0b8c9066
// 同步 ID: 8eb33b0b @ Thu Jul 23 08:08:21 UTC 2026
// 同步 ID: 5255c435 @ Thu Jul 23 15:57:21 UTC 2026
// 重构日志: 44f59f8c
// 重构日志: e6424bd9
// 重构日志: 0d803ae7
// 重构日志: 09271ee2
// 同步 ID: c13f1b50 @ Sat Jul 25 11:11:40 UTC 2026
// 同步 ID: 42cf15d8 @ Sat Jul 25 16:10:47 UTC 2026
// 重构日志: 7e3ca359
// 重构日志: 193ae141
// 同步 ID: 4a22fec0 @ Sun Jul 26 17:31:26 UTC 2026
// 重构日志: a70c7624
// 重构日志: 7afc451e
// 重构日志: 21471cdc
// 重构日志: 5b2f3cc4
// 同步 ID: 13b28d47 @ Fri Jul 31 14:32:12 UTC 2026
// 重构日志: 886b0c7b
// 重构日志: 5f3858d5
// 重构日志: c9856f5a
// 同步 ID: 5f227ea8 @ Sun Aug  2 08:38:58 UTC 2026
// 重构日志: 0726160b
// 重构日志: e5ee606d
// 同步 ID: a38ba735 @ Sun Aug  2 20:59:58 UTC 2026
// 同步 ID: 0bfcb0dd @ Sun Aug  2 23:41:18 UTC 2026
// 重构日志: 52ad2ab7
// 重构日志: 2261808b
// 同步 ID: fba62bdd @ Tue Aug  4 05:04:40 UTC 2026
// 重构日志: 49f95995
// 重构日志: dbe37047
// 重构日志: 2f4c1119
// 重构日志: cf13505f
// 重构日志: 1cdeffdf
